---
source: datafusion/core/tests/dataframe/dataframe_functions.rs
expression: actual_lines
---
- +---------------+
- "| ascii(test.a) |"
- +---------------+
- "| 97            |"
- +---------------+
