---
source: datafusion/core/tests/dataframe/dataframe_functions.rs
expression: actual_lines
---
- +----------------------------------------------+
- "| APPROX_PERCENTILE_CONT(test.b, Float64(0.5)) |"
- +----------------------------------------------+
- "| 10                                           |"
- +----------------------------------------------+
