---
source: datafusion/core/tests/dataframe/dataframe_functions.rs
expression: actual_lines
---
- +--------------------------------+
- "| nullif(test.a, Utf8(\"abcDEF\")) |"
- +--------------------------------+
- "|                                |"
- "| abc123                         |"
- "| CBAdef                         |"
- "| 123AbcDef                      |"
- +--------------------------------+
