---
source: datafusion/core/tests/dataframe/dataframe_functions.rs
expression: actual_lines
---
- +-----------------+
- "| initcap(test.a) |"
- +-----------------+
- "| Abcdef          |"
- "| Abc123          |"
- "| Cbadef          |"
- "| 123abcdef       |"
- +-----------------+
