---
source: datafusion/core/tests/dataframe/dataframe_functions.rs
expression: actual_lines
---
- +-----------------------------------------+
- "| btrim(Utf8(\"      a b c             \")) |"
- +-----------------------------------------+
- "| a b c                                   |"
- +-----------------------------------------+
